This file contains any messages produced by compilers while
running configure, to aid debugging if configure makes a mistake.

It was created by sngrep configure 1.4.7, which was
generated by GNU Autoconf 2.69.  Invocation command line was

  $ ./configure 

## --------- ##
## Platform. ##
## --------- ##

hostname = sopheau
uname -m = i686
uname -r = 4.15.0-101-generic
uname -s = Linux
uname -v = #102~16.04.1-Ubuntu SMP Mon May 11 11:44:23 UTC 2020

/usr/bin/uname -p = unknown
/bin/uname -X     = unknown

/bin/arch              = unknown
/usr/bin/arch -k       = unknown
/usr/convex/getsysinfo = unknown
/usr/bin/hostinfo      = unknown
/bin/machine           = unknown
/usr/bin/oslevel       = unknown
/bin/universe          = unknown

PATH: /opt/util
PATH: /opt/util/misc
PATH: /home/simone/bin
PATH: /home/simone/.local/bin
PATH: /opt/util/misc
PATH: /opt/util
PATH: /opt/util
PATH: /opt/util/misc
PATH: /home/simone/bin
PATH: /home/simone/.local/bin
PATH: /usr/local/sbin
PATH: /usr/local/bin
PATH: /usr/sbin
PATH: /usr/bin
PATH: /sbin
PATH: /bin
PATH: /usr/games
PATH: /usr/local/games
PATH: /snap/bin
PATH: /home/simone/.fzf/bin


## ----------- ##
## Core tests. ##
## ----------- ##

configure:2247: checking for a BSD-compatible install
configure:2315: result: /usr/bin/install -c
configure:2326: checking whether build environment is sane
configure:2381: result: yes
configure:2532: checking for a thread-safe mkdir -p
configure:2571: result: /bin/mkdir -p
configure:2578: checking for gawk
configure:2594: found /usr/bin/gawk
configure:2605: result: gawk
configure:2616: checking whether make sets $(MAKE)
configure:2638: result: yes
configure:2667: checking whether make supports nested variables
configure:2684: result: yes
configure:2823: checking whether make supports nested variables
configure:2840: result: yes
configure:2868: checking for style of include used by make
configure:2896: result: GNU
configure:2967: checking for gcc
configure:2983: found /usr/bin/gcc
configure:2994: result: gcc
configure:3223: checking for C compiler version
configure:3232: gcc --version >&5
gcc (Ubuntu 5.4.0-6ubuntu1~16.04.12) 5.4.0 20160609
Copyright (C) 2015 Free Software Foundation, Inc.
This is free software; see the source for copying conditions.  There is NO
warranty; not even for MERCHANTABILITY or FITNESS FOR A PARTICULAR PURPOSE.

configure:3243: $? = 0
configure:3232: gcc -v >&5
Using built-in specs.
COLLECT_GCC=gcc
COLLECT_LTO_WRAPPER=/usr/lib/gcc/i686-linux-gnu/5/lto-wrapper
Target: i686-linux-gnu
Configured with: ../src/configure -v --with-pkgversion='Ubuntu 5.4.0-6ubuntu1~16.04.12' --with-bugurl=file:///usr/share/doc/gcc-5/README.Bugs --enable-languages=c,ada,c++,java,go,d,fortran,objc,obj-c++ --prefix=/usr --program-suffix=-5 --enable-shared --enable-linker-build-id --libexecdir=/usr/lib --without-included-gettext --enable-threads=posix --libdir=/usr/lib --enable-nls --with-sysroot=/ --enable-clocale=gnu --enable-libstdcxx-debug --enable-libstdcxx-time=yes --with-default-libstdcxx-abi=new --enable-gnu-unique-object --disable-vtable-verify --enable-libmpx --enable-plugin --with-system-zlib --disable-browser-plugin --enable-java-awt=gtk --enable-gtk-cairo --with-java-home=/usr/lib/jvm/java-1.5.0-gcj-5-i386/jre --enable-java-home --with-jvm-root-dir=/usr/lib/jvm/java-1.5.0-gcj-5-i386 --with-jvm-jar-dir=/usr/lib/jvm-exports/java-1.5.0-gcj-5-i386 --with-arch-directory=i386 --with-ecj-jar=/usr/share/java/eclipse-ecj.jar --enable-objc-gc --enable-targets=all --enable-multiarch --disable-werror --with-arch-32=i686 --with-multilib-list=m32,m64,mx32 --enable-multilib --with-tune=generic --enable-checking=release --build=i686-linux-gnu --host=i686-linux-gnu --target=i686-linux-gnu
Thread model: posix
gcc version 5.4.0 20160609 (Ubuntu 5.4.0-6ubuntu1~16.04.12) 
configure:3243: $? = 0
configure:3232: gcc -V >&5
gcc: error: unrecognized command line option '-V'
gcc: fatal error: no input files
compilation terminated.
configure:3243: $? = 1
configure:3232: gcc -qversion >&5
gcc: error: unrecognized command line option '-qversion'
gcc: fatal error: no input files
compilation terminated.
configure:3243: $? = 1
configure:3263: checking whether the C compiler works
configure:3285: gcc    conftest.c  >&5
configure:3289: $? = 0
configure:3337: result: yes
configure:3340: checking for C compiler default output file name
configure:3342: result: a.out
configure:3348: checking for suffix of executables
configure:3355: gcc -o conftest    conftest.c  >&5
configure:3359: $? = 0
configure:3381: result: 
configure:3403: checking whether we are cross compiling
configure:3411: gcc -o conftest    conftest.c  >&5
configure:3415: $? = 0
configure:3422: ./conftest
configure:3426: $? = 0
configure:3441: result: no
configure:3446: checking for suffix of object files
configure:3468: gcc -c   conftest.c >&5
configure:3472: $? = 0
configure:3493: result: o
configure:3497: checking whether we are using the GNU C compiler
configure:3516: gcc -c   conftest.c >&5
configure:3516: $? = 0
configure:3525: result: yes
configure:3534: checking whether gcc accepts -g
configure:3554: gcc -c -g  conftest.c >&5
configure:3554: $? = 0
configure:3595: result: yes
configure:3612: checking for gcc option to accept ISO C89
configure:3675: gcc  -c -g -O2  conftest.c >&5
configure:3675: $? = 0
configure:3688: result: none needed
configure:3713: checking whether gcc understands -c and -o together
configure:3735: gcc -c conftest.c -o conftest2.o
configure:3738: $? = 0
configure:3735: gcc -c conftest.c -o conftest2.o
configure:3738: $? = 0
configure:3750: result: yes
configure:3769: checking dependency style of gcc
configure:3880: result: gcc3
configure:3901: checking how to run the C preprocessor
configure:3932: gcc -E  conftest.c
configure:3932: $? = 0
configure:3946: gcc -E  conftest.c
conftest.c:11:28: fatal error: ac_nonexistent.h: No such file or directory
compilation terminated.
configure:3946: $? = 1
configure: failed program was:
| /* confdefs.h */
| #define PACKAGE_NAME "sngrep"
| #define PACKAGE_TARNAME "sngrep"
| #define PACKAGE_VERSION "1.4.7"
| #define PACKAGE_STRING "sngrep 1.4.7"
| #define PACKAGE_BUGREPORT "kaian@irontec.com"
| #define PACKAGE_URL "http://www.irontec.com/"
| #define PACKAGE "sngrep"
| #define VERSION "1.4.7"
| /* end confdefs.h.  */
| #include <ac_nonexistent.h>
configure:3971: result: gcc -E
configure:3991: gcc -E  conftest.c
configure:3991: $? = 0
configure:4005: gcc -E  conftest.c
conftest.c:11:28: fatal error: ac_nonexistent.h: No such file or directory
compilation terminated.
configure:4005: $? = 1
configure: failed program was:
| /* confdefs.h */
| #define PACKAGE_NAME "sngrep"
| #define PACKAGE_TARNAME "sngrep"
| #define PACKAGE_VERSION "1.4.7"
| #define PACKAGE_STRING "sngrep 1.4.7"
| #define PACKAGE_BUGREPORT "kaian@irontec.com"
| #define PACKAGE_URL "http://www.irontec.com/"
| #define PACKAGE "sngrep"
| #define VERSION "1.4.7"
| /* end confdefs.h.  */
| #include <ac_nonexistent.h>
configure:4034: checking for grep that handles long lines and -e
configure:4092: result: /bin/grep
configure:4097: checking for egrep
configure:4159: result: /bin/grep -E
configure:4164: checking for ANSI C header files
configure:4184: gcc -c -g -O2  conftest.c >&5
configure:4184: $? = 0
configure:4257: gcc -o conftest -g -O2   conftest.c  >&5
configure:4257: $? = 0
configure:4257: ./conftest
configure:4257: $? = 0
configure:4268: result: yes
configure:4281: checking for sys/types.h
configure:4281: gcc -c -g -O2  conftest.c >&5
configure:4281: $? = 0
configure:4281: result: yes
configure:4281: checking for sys/stat.h
configure:4281: gcc -c -g -O2  conftest.c >&5
configure:4281: $? = 0
configure:4281: result: yes
configure:4281: checking for stdlib.h
configure:4281: gcc -c -g -O2  conftest.c >&5
configure:4281: $? = 0
configure:4281: result: yes
configure:4281: checking for string.h
configure:4281: gcc -c -g -O2  conftest.c >&5
configure:4281: $? = 0
configure:4281: result: yes
configure:4281: checking for memory.h
configure:4281: gcc -c -g -O2  conftest.c >&5
configure:4281: $? = 0
configure:4281: result: yes
configure:4281: checking for strings.h
configure:4281: gcc -c -g -O2  conftest.c >&5
configure:4281: $? = 0
configure:4281: result: yes
configure:4281: checking for inttypes.h
configure:4281: gcc -c -g -O2  conftest.c >&5
configure:4281: $? = 0
configure:4281: result: yes
configure:4281: checking for stdint.h
configure:4281: gcc -c -g -O2  conftest.c >&5
configure:4281: $? = 0
configure:4281: result: yes
configure:4281: checking for unistd.h
configure:4281: gcc -c -g -O2  conftest.c >&5
configure:4281: $? = 0
configure:4281: result: yes
configure:4294: checking minix/config.h usability
configure:4294: gcc -c -g -O2  conftest.c >&5
conftest.c:54:26: fatal error: minix/config.h: No such file or directory
compilation terminated.
configure:4294: $? = 1
configure: failed program was:
| /* confdefs.h */
| #define PACKAGE_NAME "sngrep"
| #define PACKAGE_TARNAME "sngrep"
| #define PACKAGE_VERSION "1.4.7"
| #define PACKAGE_STRING "sngrep 1.4.7"
| #define PACKAGE_BUGREPORT "kaian@irontec.com"
| #define PACKAGE_URL "http://www.irontec.com/"
| #define PACKAGE "sngrep"
| #define VERSION "1.4.7"
| #define STDC_HEADERS 1
| #define HAVE_SYS_TYPES_H 1
| #define HAVE_SYS_STAT_H 1
| #define HAVE_STDLIB_H 1
| #define HAVE_STRING_H 1
| #define HAVE_MEMORY_H 1
| #define HAVE_STRINGS_H 1
| #define HAVE_INTTYPES_H 1
| #define HAVE_STDINT_H 1
| #define HAVE_UNISTD_H 1
| /* end confdefs.h.  */
| #include <stdio.h>
| #ifdef HAVE_SYS_TYPES_H
| # include <sys/types.h>
| #endif
| #ifdef HAVE_SYS_STAT_H
| # include <sys/stat.h>
| #endif
| #ifdef STDC_HEADERS
| # include <stdlib.h>
| # include <stddef.h>
| #else
| # ifdef HAVE_STDLIB_H
| #  include <stdlib.h>
| # endif
| #endif
| #ifdef HAVE_STRING_H
| # if !defined STDC_HEADERS && defined HAVE_MEMORY_H
| #  include <memory.h>
| # endif
| # include <string.h>
| #endif
| #ifdef HAVE_STRINGS_H
| # include <strings.h>
| #endif
| #ifdef HAVE_INTTYPES_H
| # include <inttypes.h>
| #endif
| #ifdef HAVE_STDINT_H
| # include <stdint.h>
| #endif
| #ifdef HAVE_UNISTD_H
| # include <unistd.h>
| #endif
| #include <minix/config.h>
configure:4294: result: no
configure:4294: checking minix/config.h presence
configure:4294: gcc -E  conftest.c
conftest.c:21:26: fatal error: minix/config.h: No such file or directory
compilation terminated.
configure:4294: $? = 1
configure: failed program was:
| /* confdefs.h */
| #define PACKAGE_NAME "sngrep"
| #define PACKAGE_TARNAME "sngrep"
| #define PACKAGE_VERSION "1.4.7"
| #define PACKAGE_STRING "sngrep 1.4.7"
| #define PACKAGE_BUGREPORT "kaian@irontec.com"
| #define PACKAGE_URL "http://www.irontec.com/"
| #define PACKAGE "sngrep"
| #define VERSION "1.4.7"
| #define STDC_HEADERS 1
| #define HAVE_SYS_TYPES_H 1
| #define HAVE_SYS_STAT_H 1
| #define HAVE_STDLIB_H 1
| #define HAVE_STRING_H 1
| #define HAVE_MEMORY_H 1
| #define HAVE_STRINGS_H 1
| #define HAVE_INTTYPES_H 1
| #define HAVE_STDINT_H 1
| #define HAVE_UNISTD_H 1
| /* end confdefs.h.  */
| #include <minix/config.h>
configure:4294: result: no
configure:4294: checking for minix/config.h
configure:4294: result: no
configure:4315: checking whether it is safe to define __EXTENSIONS__
configure:4333: gcc -c -g -O2  conftest.c >&5
configure:4333: $? = 0
configure:4340: result: yes
configure:4418: checking for gcc
configure:4445: result: gcc
configure:4674: checking for C compiler version
configure:4683: gcc --version >&5
gcc (Ubuntu 5.4.0-6ubuntu1~16.04.12) 5.4.0 20160609
Copyright (C) 2015 Free Software Foundation, Inc.
This is free software; see the source for copying conditions.  There is NO
warranty; not even for MERCHANTABILITY or FITNESS FOR A PARTICULAR PURPOSE.

configure:4694: $? = 0
configure:4683: gcc -v >&5
Using built-in specs.
COLLECT_GCC=gcc
COLLECT_LTO_WRAPPER=/usr/lib/gcc/i686-linux-gnu/5/lto-wrapper
Target: i686-linux-gnu
Configured with: ../src/configure -v --with-pkgversion='Ubuntu 5.4.0-6ubuntu1~16.04.12' --with-bugurl=file:///usr/share/doc/gcc-5/README.Bugs --enable-languages=c,ada,c++,java,go,d,fortran,objc,obj-c++ --prefix=/usr --program-suffix=-5 --enable-shared --enable-linker-build-id --libexecdir=/usr/lib --without-included-gettext --enable-threads=posix --libdir=/usr/lib --enable-nls --with-sysroot=/ --enable-clocale=gnu --enable-libstdcxx-debug --enable-libstdcxx-time=yes --with-default-libstdcxx-abi=new --enable-gnu-unique-object --disable-vtable-verify --enable-libmpx --enable-plugin --with-system-zlib --disable-browser-plugin --enable-java-awt=gtk --enable-gtk-cairo --with-java-home=/usr/lib/jvm/java-1.5.0-gcj-5-i386/jre --enable-java-home --with-jvm-root-dir=/usr/lib/jvm/java-1.5.0-gcj-5-i386 --with-jvm-jar-dir=/usr/lib/jvm-exports/java-1.5.0-gcj-5-i386 --with-arch-directory=i386 --with-ecj-jar=/usr/share/java/eclipse-ecj.jar --enable-objc-gc --enable-targets=all --enable-multiarch --disable-werror --with-arch-32=i686 --with-multilib-list=m32,m64,mx32 --enable-multilib --with-tune=generic --enable-checking=release --build=i686-linux-gnu --host=i686-linux-gnu --target=i686-linux-gnu
Thread model: posix
gcc version 5.4.0 20160609 (Ubuntu 5.4.0-6ubuntu1~16.04.12) 
configure:4694: $? = 0
configure:4683: gcc -V >&5
gcc: error: unrecognized command line option '-V'
gcc: fatal error: no input files
compilation terminated.
configure:4694: $? = 1
configure:4683: gcc -qversion >&5
gcc: error: unrecognized command line option '-qversion'
gcc: fatal error: no input files
compilation terminated.
configure:4694: $? = 1
configure:4698: checking whether we are using the GNU C compiler
configure:4726: result: yes
configure:4735: checking whether gcc accepts -g
configure:4796: result: yes
configure:4813: checking for gcc option to accept ISO C89
configure:4889: result: none needed
configure:4914: checking whether gcc understands -c and -o together
configure:4951: result: yes
configure:4970: checking dependency style of gcc
configure:5081: result: gcc3
configure:5154: checking for g++
configure:5170: found /usr/bin/g++
configure:5181: result: g++
configure:5208: checking for C++ compiler version
configure:5217: g++ --version >&5
g++ (Ubuntu 5.4.0-6ubuntu1~16.04.12) 5.4.0 20160609
Copyright (C) 2015 Free Software Foundation, Inc.
This is free software; see the source for copying conditions.  There is NO
warranty; not even for MERCHANTABILITY or FITNESS FOR A PARTICULAR PURPOSE.

configure:5228: $? = 0
configure:5217: g++ -v >&5
Using built-in specs.
COLLECT_GCC=g++
COLLECT_LTO_WRAPPER=/usr/lib/gcc/i686-linux-gnu/5/lto-wrapper
Target: i686-linux-gnu
Configured with: ../src/configure -v --with-pkgversion='Ubuntu 5.4.0-6ubuntu1~16.04.12' --with-bugurl=file:///usr/share/doc/gcc-5/README.Bugs --enable-languages=c,ada,c++,java,go,d,fortran,objc,obj-c++ --prefix=/usr --program-suffix=-5 --enable-shared --enable-linker-build-id --libexecdir=/usr/lib --without-included-gettext --enable-threads=posix --libdir=/usr/lib --enable-nls --with-sysroot=/ --enable-clocale=gnu --enable-libstdcxx-debug --enable-libstdcxx-time=yes --with-default-libstdcxx-abi=new --enable-gnu-unique-object --disable-vtable-verify --enable-libmpx --enable-plugin --with-system-zlib --disable-browser-plugin --enable-java-awt=gtk --enable-gtk-cairo --with-java-home=/usr/lib/jvm/java-1.5.0-gcj-5-i386/jre --enable-java-home --with-jvm-root-dir=/usr/lib/jvm/java-1.5.0-gcj-5-i386 --with-jvm-jar-dir=/usr/lib/jvm-exports/java-1.5.0-gcj-5-i386 --with-arch-directory=i386 --with-ecj-jar=/usr/share/java/eclipse-ecj.jar --enable-objc-gc --enable-targets=all --enable-multiarch --disable-werror --with-arch-32=i686 --with-multilib-list=m32,m64,mx32 --enable-multilib --with-tune=generic --enable-checking=release --build=i686-linux-gnu --host=i686-linux-gnu --target=i686-linux-gnu
Thread model: posix
gcc version 5.4.0 20160609 (Ubuntu 5.4.0-6ubuntu1~16.04.12) 
configure:5228: $? = 0
configure:5217: g++ -V >&5
g++: error: unrecognized command line option '-V'
g++: fatal error: no input files
compilation terminated.
configure:5228: $? = 1
configure:5217: g++ -qversion >&5
g++: error: unrecognized command line option '-qversion'
g++: fatal error: no input files
compilation terminated.
configure:5228: $? = 1
configure:5232: checking whether we are using the GNU C++ compiler
configure:5251: g++ -c   conftest.cpp >&5
configure:5251: $? = 0
configure:5260: result: yes
configure:5269: checking whether g++ accepts -g
configure:5289: g++ -c -g  conftest.cpp >&5
configure:5289: $? = 0
configure:5330: result: yes
configure:5355: checking dependency style of g++
configure:5466: result: gcc3
configure:5482: checking whether ln -s works
configure:5486: result: yes
configure:5493: checking for egrep
configure:5555: result: /bin/grep -E
configure:5570: checking for pthread_create in -lpthread
configure:5595: gcc -o conftest -g -O2   conftest.c -lpthread   >&5
configure:5595: $? = 0
configure:5604: result: yes
configure:5620: checking for pcap_open_offline in -lpcap
configure:5645: gcc -o conftest -g -O2   conftest.c -lpcap  -lpthread  >&5
configure:5645: $? = 0
configure:5654: result: yes
configure:5669: checking pcap.h usability
configure:5669: gcc -c -g -O2  conftest.c >&5
configure:5669: $? = 0
configure:5669: result: yes
configure:5669: checking pcap.h presence
configure:5669: gcc -E  conftest.c
configure:5669: $? = 0
configure:5669: result: yes
configure:5669: checking for pcap.h
configure:5669: result: yes
configure:6246: checking ncurses.h usability
configure:6246: gcc -c -g -O2  conftest.c >&5
configure:6246: $? = 0
configure:6246: result: yes
configure:6246: checking ncurses.h presence
configure:6246: gcc -E  conftest.c
configure:6246: $? = 0
configure:6246: result: yes
configure:6246: checking for ncurses.h
configure:6246: result: yes
configure:6257: checking for initscr in -lncurses
configure:6282: gcc -o conftest -g -O2   conftest.c -lncurses  -lpcap -lpthread  >&5
configure:6282: $? = 0
configure:6291: result: yes
configure:6307: checking for new_panel in -lpanel
configure:6332: gcc -o conftest -g -O2   conftest.c -lpanel  -lncurses -lpcap -lpthread  >&5
configure:6332: $? = 0
configure:6341: result: yes
configure:6357: checking for new_form in -lform
configure:6382: gcc -o conftest -g -O2   conftest.c -lform  -lpanel -lncurses -lpcap -lpthread  >&5
configure:6382: $? = 0
configure:6391: result: yes
configure:6407: checking for new_item in -lmenu
configure:6432: gcc -o conftest -g -O2   conftest.c -lmenu  -lform -lpanel -lncurses -lpcap -lpthread  >&5
configure:6432: $? = 0
configure:6441: result: yes
configure:6457: checking for library containing keyname
configure:6488: gcc -o conftest -g -O2   conftest.c -lmenu -lform -lpanel -lncurses -lpcap -lpthread  >&5
configure:6488: $? = 0
configure:6505: result: none required
configure:6589: checking for pkg-config
configure:6607: found /usr/bin/pkg-config
configure:6619: result: /usr/bin/pkg-config
configure:6644: checking pkg-config is at least version 0.9.0
configure:6647: result: yes
configure:7178: 
configure:7180: sngrep configure finished                            	
configure:7182: ====================================================== 	
configure:7184: GnuTLS Support               : no		
configure:7186: OpenSSL Support              : no 			
configure:7188: Unicode Support              : no  		
configure:7190: Perl Expressions Support     : no              
configure:7192: IPv6 Support                 : no               
configure:7194: EEP Support                  : no               
configure:7196: ====================================================== 	
configure:7198: 
configure:7321: checking that generated files are newer than configure
configure:7327: result: done
configure:7370: creating ./config.status

## ---------------------- ##
## Running config.status. ##
## ---------------------- ##

This file was extended by sngrep config.status 1.4.7, which was
generated by GNU Autoconf 2.69.  Invocation command line was

  CONFIG_FILES    = 
  CONFIG_HEADERS  = 
  CONFIG_LINKS    = 
  CONFIG_COMMANDS = 
  $ ./config.status 

on sopheau

config.status:898: creating Makefile
config.status:898: creating src/Makefile
config.status:898: creating config/Makefile
config.status:898: creating doc/Makefile
config.status:898: creating tests/Makefile
config.status:898: creating src/config.h
config.status:1127: executing depfiles commands

## ---------------- ##
## Cache variables. ##
## ---------------- ##

ac_cv_c_compiler_gnu=yes
ac_cv_cxx_compiler_gnu=yes
ac_cv_env_CCC_set=
ac_cv_env_CCC_value=
ac_cv_env_CC_set=
ac_cv_env_CC_value=
ac_cv_env_CFLAGS_set=
ac_cv_env_CFLAGS_value=
ac_cv_env_CPPFLAGS_set=
ac_cv_env_CPPFLAGS_value=
ac_cv_env_CPP_set=
ac_cv_env_CPP_value=
ac_cv_env_CXXFLAGS_set=
ac_cv_env_CXXFLAGS_value=
ac_cv_env_CXX_set=
ac_cv_env_CXX_value=
ac_cv_env_LDFLAGS_set=
ac_cv_env_LDFLAGS_value=
ac_cv_env_LIBGNUTLS_CFLAGS_set=
ac_cv_env_LIBGNUTLS_CFLAGS_value=
ac_cv_env_LIBGNUTLS_LIBS_set=
ac_cv_env_LIBGNUTLS_LIBS_value=
ac_cv_env_LIBS_set=
ac_cv_env_LIBS_value=
ac_cv_env_PKG_CONFIG_LIBDIR_set=
ac_cv_env_PKG_CONFIG_LIBDIR_value=
ac_cv_env_PKG_CONFIG_PATH_set=
ac_cv_env_PKG_CONFIG_PATH_value=
ac_cv_env_PKG_CONFIG_set=
ac_cv_env_PKG_CONFIG_value=
ac_cv_env_SSL_CFLAGS_set=
ac_cv_env_SSL_CFLAGS_value=
ac_cv_env_SSL_LIBS_set=
ac_cv_env_SSL_LIBS_value=
ac_cv_env_build_alias_set=
ac_cv_env_build_alias_value=
ac_cv_env_host_alias_set=
ac_cv_env_host_alias_value=
ac_cv_env_target_alias_set=
ac_cv_env_target_alias_value=
ac_cv_header_inttypes_h=yes
ac_cv_header_memory_h=yes
ac_cv_header_minix_config_h=no
ac_cv_header_ncurses_h=yes
ac_cv_header_pcap_h=yes
ac_cv_header_stdc=yes
ac_cv_header_stdint_h=yes
ac_cv_header_stdlib_h=yes
ac_cv_header_string_h=yes
ac_cv_header_strings_h=yes
ac_cv_header_sys_stat_h=yes
ac_cv_header_sys_types_h=yes
ac_cv_header_unistd_h=yes
ac_cv_lib_form_new_form=yes
ac_cv_lib_menu_new_item=yes
ac_cv_lib_ncurses_initscr=yes
ac_cv_lib_panel_new_panel=yes
ac_cv_lib_pcap_pcap_open_offline=yes
ac_cv_lib_pthread_pthread_create=yes
ac_cv_objext=o
ac_cv_path_EGREP='/bin/grep -E'
ac_cv_path_GREP=/bin/grep
ac_cv_path_ac_pt_PKG_CONFIG=/usr/bin/pkg-config
ac_cv_path_install='/usr/bin/install -c'
ac_cv_path_mkdir=/bin/mkdir
ac_cv_prog_AWK=gawk
ac_cv_prog_CPP='gcc -E'
ac_cv_prog_ac_ct_CC=gcc
ac_cv_prog_ac_ct_CXX=g++
ac_cv_prog_cc_c89=
ac_cv_prog_cc_g=yes
ac_cv_prog_cxx_g=yes
ac_cv_prog_make_make_set=yes
ac_cv_safe_to_define___extensions__=yes
ac_cv_search_keyname='none required'
am_cv_CC_dependencies_compiler_type=gcc3
am_cv_CXX_dependencies_compiler_type=gcc3
am_cv_make_support_nested_variables=yes
am_cv_prog_cc_c_o=yes

## ----------------- ##
## Output variables. ##
## ----------------- ##

ACLOCAL='${SHELL} /opt/misc/apps/sngrep/missing aclocal-1.15'
AMDEPBACKSLASH='\'
AMDEP_FALSE='#'
AMDEP_TRUE=''
AMTAR='$${TAR-tar}'
AM_BACKSLASH='\'
AM_DEFAULT_V='$(AM_DEFAULT_VERBOSITY)'
AM_DEFAULT_VERBOSITY='0'
AM_V='$(V)'
AUTOCONF='${SHELL} /opt/misc/apps/sngrep/missing autoconf'
AUTOHEADER='${SHELL} /opt/misc/apps/sngrep/missing autoheader'
AUTOMAKE='${SHELL} /opt/misc/apps/sngrep/missing automake-1.15'
AWK='gawk'
CC='gcc'
CCDEPMODE='depmode=gcc3'
CFLAGS='-g -O2'
CPP='gcc -E'
CPPFLAGS=''
CXX='g++'
CXXDEPMODE='depmode=gcc3'
CXXFLAGS='-g -O2'
CYGPATH_W='echo'
DEFS='-DHAVE_CONFIG_H'
DEPDIR='.deps'
ECHO_C=''
ECHO_N='-n'
ECHO_T=''
EGREP='/bin/grep -E'
EXEEXT=''
GREP='/bin/grep'
INSTALL_DATA='${INSTALL} -m 644'
INSTALL_PROGRAM='${INSTALL}'
INSTALL_SCRIPT='${INSTALL}'
INSTALL_STRIP_PROGRAM='$(install_sh) -c -s'
LDFLAGS=''
LIBGCRYPT_CFLAGS=''
LIBGCRYPT_CONFIG=''
LIBGCRYPT_LIBS=''
LIBGNUTLS_CFLAGS=''
LIBGNUTLS_LIBS=''
LIBOBJS=''
LIBS='-lmenu -lform -lpanel -lncurses -lpcap -lpthread '
LN_S='ln -s'
LTLIBOBJS=''
MAKEINFO='${SHELL} /opt/misc/apps/sngrep/missing makeinfo'
MKDIR_P='/bin/mkdir -p'
OBJEXT='o'
PACKAGE='sngrep'
PACKAGE_BUGREPORT='kaian@irontec.com'
PACKAGE_NAME='sngrep'
PACKAGE_STRING='sngrep 1.4.7'
PACKAGE_TARNAME='sngrep'
PACKAGE_URL='http://www.irontec.com/'
PACKAGE_VERSION='1.4.7'
PATH_SEPARATOR=':'
PKG_CONFIG='/usr/bin/pkg-config'
PKG_CONFIG_LIBDIR=''
PKG_CONFIG_PATH=''
SET_MAKE=''
SHELL='/bin/bash'
SSL_CFLAGS=''
SSL_LIBS=''
STRIP=''
UNICODE='no'
USE_EEP='no'
USE_EEP_FALSE=''
USE_EEP_TRUE='#'
USE_IPV6='no'
VERSION='1.4.7'
WITH_GNUTLS='no'
WITH_GNUTLS_FALSE=''
WITH_GNUTLS_TRUE='#'
WITH_OPENSSL='no'
WITH_OPENSSL_FALSE=''
WITH_OPENSSL_TRUE='#'
WITH_PCRE='no'
ac_ct_CC='gcc'
ac_ct_CXX='g++'
am__EXEEXT_FALSE=''
am__EXEEXT_TRUE='#'
am__fastdepCC_FALSE='#'
am__fastdepCC_TRUE=''
am__fastdepCXX_FALSE='#'
am__fastdepCXX_TRUE=''
am__include='include'
am__isrc=''
am__leading_dot='.'
am__nodep='_no'
am__quote=''
am__tar='$${TAR-tar} chof - "$$tardir"'
am__untar='$${TAR-tar} xf -'
bindir='${exec_prefix}/bin'
build_alias=''
datadir='${datarootdir}'
datarootdir='${prefix}/share'
docdir='${datarootdir}/doc/${PACKAGE_TARNAME}'
dvidir='${docdir}'
exec_prefix='${prefix}'
host_alias=''
htmldir='${docdir}'
includedir='${prefix}/include'
infodir='${datarootdir}/info'
install_sh='${SHELL} /opt/misc/apps/sngrep/install-sh'
libdir='${exec_prefix}/lib'
libexecdir='${exec_prefix}/libexec'
localedir='${datarootdir}/locale'
localstatedir='${prefix}/var'
mandir='${datarootdir}/man'
mkdir_p='$(MKDIR_P)'
oldincludedir='/usr/include'
pdfdir='${docdir}'
prefix='/usr/local'
program_transform_name='s,x,x,'
psdir='${docdir}'
runstatedir='${localstatedir}/run'
sbindir='${exec_prefix}/sbin'
sharedstatedir='${prefix}/com'
sysconfdir='${prefix}/etc'
target_alias=''

## ----------- ##
## confdefs.h. ##
## ----------- ##

/* confdefs.h */
#define PACKAGE_NAME "sngrep"
#define PACKAGE_TARNAME "sngrep"
#define PACKAGE_VERSION "1.4.7"
#define PACKAGE_STRING "sngrep 1.4.7"
#define PACKAGE_BUGREPORT "kaian@irontec.com"
#define PACKAGE_URL "http://www.irontec.com/"
#define PACKAGE "sngrep"
#define VERSION "1.4.7"
#define STDC_HEADERS 1
#define HAVE_SYS_TYPES_H 1
#define HAVE_SYS_STAT_H 1
#define HAVE_STDLIB_H 1
#define HAVE_STRING_H 1
#define HAVE_MEMORY_H 1
#define HAVE_STRINGS_H 1
#define HAVE_INTTYPES_H 1
#define HAVE_STDINT_H 1
#define HAVE_UNISTD_H 1
#define __EXTENSIONS__ 1
#define _ALL_SOURCE 1
#define _GNU_SOURCE 1
#define _POSIX_PTHREAD_SEMANTICS 1
#define _TANDEM_SOURCE 1
#define HAVE_LIBPTHREAD 1
#define HAVE_LIBPCAP 1
#define HAVE_LIBNCURSES 1
#define HAVE_LIBPANEL 1
#define HAVE_LIBFORM 1
#define HAVE_LIBMENU 1

configure: exit 0

## ---------------------- ##
## Running config.status. ##
## ---------------------- ##

This file was extended by sngrep config.status 1.4.7, which was
generated by GNU Autoconf 2.69.  Invocation command line was

  CONFIG_FILES    = 
  CONFIG_HEADERS  = 
  CONFIG_LINKS    = 
  CONFIG_COMMANDS = 
  $ ./config.status src/config.h

on sopheau

config.status:898: creating src/config.h
config.status:1079: src/config.h is unchanged
