This file contains any messages produced by compilers while
running configure, to aid debugging if configure makes a mistake.

It was created by vimpc configure 0.09.1, which was
generated by GNU Autoconf 2.69.  Invocation command line was

  $ ./configure 

## --------- ##
## Platform. ##
## --------- ##

hostname = sopheau
uname -m = x86_64
uname -r = 5.15.0-72-generic
uname -s = Linux
uname -v = #79~20.04.1-Ubuntu SMP Thu Apr 20 22:12:07 UTC 2023

/usr/bin/uname -p = x86_64
/bin/uname -X     = unknown

/bin/arch              = x86_64
/usr/bin/arch -k       = unknown
/usr/convex/getsysinfo = unknown
/usr/bin/hostinfo      = unknown
/bin/machine           = unknown
/usr/bin/oslevel       = unknown
/bin/universe          = unknown

PATH: /opt/util
PATH: /opt/util/bins
PATH: /opt/util/misc
PATH: /home/simone/.local/bin
PATH: /opt/util
PATH: /opt/util/bins
PATH: /opt/util/misc
PATH: /opt/util
PATH: /opt/util/bins
PATH: /opt/util/misc
PATH: /opt/util
PATH: /opt/util/bins
PATH: /opt/util/misc
PATH: /home/simone/.local/bin
PATH: /usr/local/sbin
PATH: /usr/local/bin
PATH: /usr/sbin
PATH: /usr/bin
PATH: /sbin
PATH: /bin
PATH: /usr/games
PATH: /usr/local/games
PATH: /snap/bin
PATH: /home/simone/.fzf/bin


## ----------- ##
## Core tests. ##
## ----------- ##

configure:2354: checking for a BSD-compatible install
configure:2422: result: /usr/bin/install -c
configure:2433: checking whether build environment is sane
configure:2488: result: yes
configure:2637: checking for a thread-safe mkdir -p
configure:2676: result: /usr/bin/mkdir -p
configure:2683: checking for gawk
configure:2699: found /usr/bin/gawk
configure:2710: result: gawk
configure:2721: checking whether make sets $(MAKE)
configure:2743: result: yes
configure:2772: checking whether make supports nested variables
configure:2789: result: yes
configure:2975: checking for g++
configure:2991: found /usr/bin/g++
configure:3002: result: g++
configure:3029: checking for C++ compiler version
configure:3038: g++ --version >&5
g++ (Ubuntu 11.2.0-19ubuntu1) 11.2.0
Copyright (C) 2021 Free Software Foundation, Inc.
This is free software; see the source for copying conditions.  There is NO
warranty; not even for MERCHANTABILITY or FITNESS FOR A PARTICULAR PURPOSE.

configure:3049: $? = 0
configure:3038: g++ -v >&5
Using built-in specs.
COLLECT_GCC=g++
COLLECT_LTO_WRAPPER=/usr/lib/gcc/x86_64-linux-gnu/11/lto-wrapper
OFFLOAD_TARGET_NAMES=nvptx-none:amdgcn-amdhsa
OFFLOAD_TARGET_DEFAULT=1
Target: x86_64-linux-gnu
Configured with: ../src/configure -v --with-pkgversion='Ubuntu 11.2.0-19ubuntu1' --with-bugurl=file:///usr/share/doc/gcc-11/README.Bugs --enable-languages=c,ada,c++,go,brig,d,fortran,objc,obj-c++,m2 --prefix=/usr --with-gcc-major-version-only --program-suffix=-11 --program-prefix=x86_64-linux-gnu- --enable-shared --enable-linker-build-id --libexecdir=/usr/lib --without-included-gettext --enable-threads=posix --libdir=/usr/lib --enable-nls --enable-bootstrap --enable-clocale=gnu --enable-libstdcxx-debug --enable-libstdcxx-time=yes --with-default-libstdcxx-abi=new --enable-gnu-unique-object --disable-vtable-verify --enable-plugin --enable-default-pie --with-system-zlib --enable-libphobos-checking=release --with-target-system-zlib=auto --enable-objc-gc=auto --enable-multiarch --disable-werror --enable-cet --with-arch-32=i686 --with-abi=m64 --with-multilib-list=m32,m64,mx32 --enable-multilib --with-tune=generic --enable-offload-targets=nvptx-none=/build/gcc-11-gBFGDP/gcc-11-11.2.0/debian/tmp-nvptx/usr,amdgcn-amdhsa=/build/gcc-11-gBFGDP/gcc-11-11.2.0/debian/tmp-gcn/usr --without-cuda-driver --enable-checking=release --build=x86_64-linux-gnu --host=x86_64-linux-gnu --target=x86_64-linux-gnu --with-build-config=bootstrap-lto-lean --enable-link-serialization=2
Thread model: posix
Supported LTO compression algorithms: zlib zstd
gcc version 11.2.0 (Ubuntu 11.2.0-19ubuntu1) 
... rest of stderr output deleted ...
configure:3049: $? = 0
configure:3038: g++ -V >&5
g++: error: unrecognized command-line option '-V'
g++: fatal error: no input files
compilation terminated.
configure:3049: $? = 1
configure:3038: g++ -qversion >&5
g++: error: unrecognized command-line option '-qversion'; did you mean '--version'?
g++: fatal error: no input files
compilation terminated.
configure:3049: $? = 1
configure:3069: checking whether the C++ compiler works
configure:3091: g++    conftest.cpp  >&5
configure:3095: $? = 0
configure:3143: result: yes
configure:3146: checking for C++ compiler default output file name
configure:3148: result: a.out
configure:3154: checking for suffix of executables
configure:3161: g++ -o conftest    conftest.cpp  >&5
configure:3165: $? = 0
configure:3187: result: 
configure:3209: checking whether we are cross compiling
configure:3217: g++ -o conftest    conftest.cpp  >&5
configure:3221: $? = 0
configure:3228: ./conftest
configure:3232: $? = 0
configure:3220: result: no
configure:3225: checking for suffix of object files
configure:3247: g++ -c   conftest.cpp >&5
configure:3251: $? = 0
configure:3272: result: o
configure:3276: checking whether we are using the GNU C++ compiler
configure:3295: g++ -c   conftest.cpp >&5
configure:3295: $? = 0
configure:3304: result: yes
configure:3313: checking whether g++ accepts -g
configure:3333: g++ -c -g  conftest.cpp >&5
configure:3333: $? = 0
configure:3374: result: yes
configure:3400: checking whether make supports the include directive
configure:3415: make -f confmf.GNU && cat confinc.out
this is the am__doit target
configure:3418: $? = 0
configure:3437: result: yes (GNU style)
configure:3462: checking dependency style of g++
configure:3573: result: gcc3
configure:3600: checking how to run the C++ preprocessor
configure:3627: g++ -E  -I/usr/local/include -I/opt/local/include conftest.cpp
configure:3627: $? = 0
configure:3641: g++ -E  -I/usr/local/include -I/opt/local/include conftest.cpp
conftest.cpp:11:10: fatal error: ac_nonexistent.h: No such file or directory
   11 | #include <ac_nonexistent.h>
      |          ^~~~~~~~~~~~~~~~~~
compilation terminated.
configure:3641: $? = 1
configure: failed program was:
| /* confdefs.h */
| #define PACKAGE_NAME "vimpc"
| #define PACKAGE_TARNAME "vimpc"
| #define PACKAGE_VERSION "0.09.1"
| #define PACKAGE_STRING "vimpc 0.09.1"
| #define PACKAGE_BUGREPORT "https://github.com/boysetsfrog/vimpc"
| #define PACKAGE_URL "https://github.com/boysetsfrog/vimpc"
| #define PACKAGE "vimpc"
| #define VERSION "0.09.1"
| /* end confdefs.h.  */
| #include <ac_nonexistent.h>
configure:3666: result: g++ -E
configure:3686: g++ -E  -I/usr/local/include -I/opt/local/include conftest.cpp
configure:3686: $? = 0
configure:3700: g++ -E  -I/usr/local/include -I/opt/local/include conftest.cpp
conftest.cpp:11:10: fatal error: ac_nonexistent.h: No such file or directory
   11 | #include <ac_nonexistent.h>
      |          ^~~~~~~~~~~~~~~~~~
compilation terminated.
configure:3700: $? = 1
configure: failed program was:
| /* confdefs.h */
| #define PACKAGE_NAME "vimpc"
| #define PACKAGE_TARNAME "vimpc"
| #define PACKAGE_VERSION "0.09.1"
| #define PACKAGE_STRING "vimpc 0.09.1"
| #define PACKAGE_BUGREPORT "https://github.com/boysetsfrog/vimpc"
| #define PACKAGE_URL "https://github.com/boysetsfrog/vimpc"
| #define PACKAGE "vimpc"
| #define VERSION "0.09.1"
| /* end confdefs.h.  */
| #include <ac_nonexistent.h>
configure:3729: checking for grep that handles long lines and -e
configure:3787: result: /usr/bin/grep
configure:3792: checking for egrep
configure:3854: result: /usr/bin/grep -E
configure:3859: checking for ANSI C header files
configure:3879: g++ -c -g -O2 -D__STRICT_ANSI__  -I/usr/local/include -I/opt/local/include conftest.cpp >&5
configure:3879: $? = 0
configure:3952: g++ -o conftest -g -O2 -D__STRICT_ANSI__  -I/usr/local/include -I/opt/local/include  -L/opt/local/lib conftest.cpp  >&5
configure:3952: $? = 0
configure:3952: ./conftest
configure:3952: $? = 0
configure:3963: result: yes
configure:3976: checking for sys/types.h
configure:3976: g++ -c -g -O2 -D__STRICT_ANSI__  -I/usr/local/include -I/opt/local/include conftest.cpp >&5
configure:3976: $? = 0
configure:3976: result: yes
configure:3976: checking for sys/stat.h
configure:3976: g++ -c -g -O2 -D__STRICT_ANSI__  -I/usr/local/include -I/opt/local/include conftest.cpp >&5
configure:3976: $? = 0
configure:3976: result: yes
configure:3976: checking for stdlib.h
configure:3976: g++ -c -g -O2 -D__STRICT_ANSI__  -I/usr/local/include -I/opt/local/include conftest.cpp >&5
configure:3976: $? = 0
configure:3976: result: yes
configure:3976: checking for string.h
configure:3976: g++ -c -g -O2 -D__STRICT_ANSI__  -I/usr/local/include -I/opt/local/include conftest.cpp >&5
configure:3976: $? = 0
configure:3976: result: yes
configure:3976: checking for memory.h
configure:3976: g++ -c -g -O2 -D__STRICT_ANSI__  -I/usr/local/include -I/opt/local/include conftest.cpp >&5
configure:3976: $? = 0
configure:3976: result: yes
configure:3976: checking for strings.h
configure:3976: g++ -c -g -O2 -D__STRICT_ANSI__  -I/usr/local/include -I/opt/local/include conftest.cpp >&5
configure:3976: $? = 0
configure:3976: result: yes
configure:3976: checking for inttypes.h
configure:3976: g++ -c -g -O2 -D__STRICT_ANSI__  -I/usr/local/include -I/opt/local/include conftest.cpp >&5
configure:3976: $? = 0
configure:3976: result: yes
configure:3976: checking for stdint.h
configure:3976: g++ -c -g -O2 -D__STRICT_ANSI__  -I/usr/local/include -I/opt/local/include conftest.cpp >&5
configure:3976: $? = 0
configure:3976: result: yes
configure:3976: checking for unistd.h
configure:3976: g++ -c -g -O2 -D__STRICT_ANSI__  -I/usr/local/include -I/opt/local/include conftest.cpp >&5
configure:3976: $? = 0
configure:3976: result: yes
configure:3991: checking sys/ioctl.h usability
configure:3991: g++ -c -g -O2 -D__STRICT_ANSI__  -I/usr/local/include -I/opt/local/include conftest.cpp >&5
configure:3991: $? = 0
configure:3991: result: yes
configure:3991: checking sys/ioctl.h presence
configure:3991: g++ -E  -I/usr/local/include -I/opt/local/include conftest.cpp
configure:3991: $? = 0
configure:3991: result: yes
configure:3991: checking for sys/ioctl.h
configure:3991: result: yes
configure:3991: checking termios.h usability
configure:3991: g++ -c -g -O2 -D__STRICT_ANSI__  -I/usr/local/include -I/opt/local/include conftest.cpp >&5
configure:3991: $? = 0
configure:3991: result: yes
configure:3991: checking termios.h presence
configure:3991: g++ -E  -I/usr/local/include -I/opt/local/include conftest.cpp
configure:3991: $? = 0
configure:3991: result: yes
configure:3991: checking for termios.h
configure:3991: result: yes
configure:4002: checking for svnversion
configure:4014: result: no
configure:4018: checking for git
configure:4021: result: yes
configure:4038: checking build system type
configure:4052: result: x86_64-pc-linux-gnu
configure:4072: checking host system type
configure:4085: result: x86_64-pc-linux-gnu
configure:4153: checking for gcc
configure:4169: found /usr/bin/gcc
configure:4180: result: gcc
configure:4409: checking for C compiler version
configure:4418: gcc --version >&5
gcc (Ubuntu 11.2.0-19ubuntu1) 11.2.0
Copyright (C) 2021 Free Software Foundation, Inc.
This is free software; see the source for copying conditions.  There is NO
warranty; not even for MERCHANTABILITY or FITNESS FOR A PARTICULAR PURPOSE.

configure:4429: $? = 0
configure:4418: gcc -v >&5
Using built-in specs.
COLLECT_GCC=gcc
COLLECT_LTO_WRAPPER=/usr/lib/gcc/x86_64-linux-gnu/11/lto-wrapper
OFFLOAD_TARGET_NAMES=nvptx-none:amdgcn-amdhsa
OFFLOAD_TARGET_DEFAULT=1
Target: x86_64-linux-gnu
Configured with: ../src/configure -v --with-pkgversion='Ubuntu 11.2.0-19ubuntu1' --with-bugurl=file:///usr/share/doc/gcc-11/README.Bugs --enable-languages=c,ada,c++,go,brig,d,fortran,objc,obj-c++,m2 --prefix=/usr --with-gcc-major-version-only --program-suffix=-11 --program-prefix=x86_64-linux-gnu- --enable-shared --enable-linker-build-id --libexecdir=/usr/lib --without-included-gettext --enable-threads=posix --libdir=/usr/lib --enable-nls --enable-bootstrap --enable-clocale=gnu --enable-libstdcxx-debug --enable-libstdcxx-time=yes --with-default-libstdcxx-abi=new --enable-gnu-unique-object --disable-vtable-verify --enable-plugin --enable-default-pie --with-system-zlib --enable-libphobos-checking=release --with-target-system-zlib=auto --enable-objc-gc=auto --enable-multiarch --disable-werror --enable-cet --with-arch-32=i686 --with-abi=m64 --with-multilib-list=m32,m64,mx32 --enable-multilib --with-tune=generic --enable-offload-targets=nvptx-none=/build/gcc-11-gBFGDP/gcc-11-11.2.0/debian/tmp-nvptx/usr,amdgcn-amdhsa=/build/gcc-11-gBFGDP/gcc-11-11.2.0/debian/tmp-gcn/usr --without-cuda-driver --enable-checking=release --build=x86_64-linux-gnu --host=x86_64-linux-gnu --target=x86_64-linux-gnu --with-build-config=bootstrap-lto-lean --enable-link-serialization=2
Thread model: posix
Supported LTO compression algorithms: zlib zstd
gcc version 11.2.0 (Ubuntu 11.2.0-19ubuntu1) 
... rest of stderr output deleted ...
configure:4429: $? = 0
configure:4418: gcc -V >&5
gcc: error: unrecognized command-line option '-V'
gcc: fatal error: no input files
compilation terminated.
configure:4429: $? = 1
configure:4418: gcc -qversion >&5
gcc: error: unrecognized command-line option '-qversion'; did you mean '--version'?
gcc: fatal error: no input files
compilation terminated.
configure:4429: $? = 1
configure:4433: checking whether we are using the GNU C compiler
configure:4452: gcc -c   -I/usr/local/include -I/opt/local/include conftest.c >&5
configure:4452: $? = 0
configure:4461: result: yes
configure:4470: checking whether gcc accepts -g
configure:4490: gcc -c -g  -I/usr/local/include -I/opt/local/include conftest.c >&5
configure:4490: $? = 0
configure:4531: result: yes
configure:4548: checking for gcc option to accept ISO C89
configure:4611: gcc  -c -g -O2  -I/usr/local/include -I/opt/local/include conftest.c >&5
configure:4611: $? = 0
configure:4624: result: none needed
configure:4649: checking whether gcc understands -c and -o together
configure:4671: gcc -c conftest.c -o conftest2.o
configure:4674: $? = 0
configure:4671: gcc -c conftest.c -o conftest2.o
configure:4674: $? = 0
configure:4686: result: yes
configure:4705: checking dependency style of gcc
configure:4816: result: gcc3
configure:5000: checking for the pthreads library -lpthreads
configure:5038: gcc -o conftest -g -O2   -I/usr/local/include -I/opt/local/include  -L/opt/local/lib conftest.c -lpthreads  >&5
/usr/bin/ld: cannot find -lpthreads: No such file or directory
collect2: error: ld returned 1 exit status
configure:5038: $? = 1
configure: failed program was:
| /* confdefs.h */
| #define PACKAGE_NAME "vimpc"
| #define PACKAGE_TARNAME "vimpc"
| #define PACKAGE_VERSION "0.09.1"
| #define PACKAGE_STRING "vimpc 0.09.1"
| #define PACKAGE_BUGREPORT "https://github.com/boysetsfrog/vimpc"
| #define PACKAGE_URL "https://github.com/boysetsfrog/vimpc"
| #define PACKAGE "vimpc"
| #define VERSION "0.09.1"
| #define STDC_HEADERS 1
| #define HAVE_SYS_TYPES_H 1
| #define HAVE_SYS_STAT_H 1
| #define HAVE_STDLIB_H 1
| #define HAVE_STRING_H 1
| #define HAVE_MEMORY_H 1
| #define HAVE_STRINGS_H 1
| #define HAVE_INTTYPES_H 1
| #define HAVE_STDINT_H 1
| #define HAVE_UNISTD_H 1
| #define HAVE_SYS_IOCTL_H 1
| #define HAVE_TERMIOS_H 1
| #define PACKAGE_GIT_REVISION "95ad78d112316a1c290a480481fd1f8abf50b59b"
| /* end confdefs.h.  */
| #include <pthread.h>
|                         static void routine(void *a) { a = 0; }
|                         static void *start_routine(void *a) { return a; }
| int
| main ()
| {
| pthread_t th; pthread_attr_t attr;
|                         pthread_create(&th, 0, start_routine, 0);
|                         pthread_join(th, 0);
|                         pthread_attr_init(&attr);
|                         pthread_cleanup_push(routine, 0);
|                         pthread_cleanup_pop(0) /* ; */
|   ;
|   return 0;
| }
configure:5047: result: no
configure:4945: checking whether pthreads work without any flags
configure:5038: gcc -o conftest -g -O2   -I/usr/local/include -I/opt/local/include  -L/opt/local/lib conftest.c   >&5
configure:5038: $? = 0
configure:5047: result: yes
configure:5066: checking for joinable pthread attribute
configure:5081: gcc -o conftest -g -O2   -I/usr/local/include -I/opt/local/include  -L/opt/local/lib conftest.c   >&5
configure:5081: $? = 0
configure:5087: result: PTHREAD_CREATE_JOINABLE
configure:5097: checking if more special flags are required for pthreads
configure:5111: result: no
configure:5117: checking for PTHREAD_PRIO_INHERIT
configure:5135: gcc -o conftest -g -O2   -I/usr/local/include -I/opt/local/include  -L/opt/local/lib conftest.c   >&5
configure:5135: $? = 0
configure:5144: result: yes
configure:5255: checking whether g++ supports C++11 features by default
configure:5281: g++ -c  -g -O2 -D__STRICT_ANSI__  -I/usr/local/include -I/opt/local/include conftest.cpp >&5
configure:5281: $? = 0
configure:5288: result: yes
configure:5374: checking whether to enable boost automatically
configure:5389: g++ -c  -g -O2 -D__STRICT_ANSI__  -I/usr/local/include -I/opt/local/include conftest.cpp >&5
configure:5389: $? = 0
configure:5390: result: no
configure:6500: checking whether compiler supports lambda functions
configure:6513: g++ -c  -g -O2 -D__STRICT_ANSI__  -I/usr/local/include -I/opt/local/include conftest.cpp >&5
configure:6513: $? = 0
configure:6514: result: yes
configure:6540: checking for working ncursesw
configure:6557: g++ -o conftest  -g -O2 -D__STRICT_ANSI__  -I/usr/local/include -I/opt/local/include  -L/opt/local/lib conftest.cpp  -lncursesw >&5
configure:6557: $? = 0
configure:6565: result: yes
configure:6569: checking ncursesw/curses.h usability
configure:6569: g++ -c  -g -O2 -D__STRICT_ANSI__  -I/usr/local/include -I/opt/local/include conftest.cpp >&5
configure:6569: $? = 0
configure:6569: result: yes
configure:6569: checking ncursesw/curses.h presence
configure:6569: g++ -E  -I/usr/local/include -I/opt/local/include conftest.cpp
configure:6569: $? = 0
configure:6569: result: yes
configure:6569: checking for ncursesw/curses.h
configure:6569: result: yes
configure:6672: checking for library containing keypad
configure:6703: g++ -o conftest  -g -O2 -D__STRICT_ANSI__  -I/usr/local/include -I/opt/local/include  -L/opt/local/lib conftest.cpp  -lncursesw >&5
configure:6703: $? = 0
configure:6720: result: none required
configure:6783: checking for pkg-config
configure:6801: found /usr/bin/pkg-config
configure:6813: result: /usr/bin/pkg-config
configure:6838: checking pkg-config is at least version 0.9.0
configure:6841: result: yes
configure:6851: checking for libpcre
configure:6858: $PKG_CONFIG --exists --print-errors "libpcre"
configure:6861: $? = 0
configure:6875: $PKG_CONFIG --exists --print-errors "libpcre"
configure:6878: $? = 0
configure:6936: result: yes
configure:6944: checking pcre.h usability
configure:6944: g++ -c  -g -O2 -D__STRICT_ANSI__  -I/usr/local/include -I/opt/local/include conftest.cpp >&5
configure:6944: $? = 0
configure:6944: result: yes
configure:6944: checking pcre.h presence
configure:6944: g++ -E  -I/usr/local/include -I/opt/local/include conftest.cpp
configure:6944: $? = 0
configure:6944: result: yes
configure:6944: checking for pcre.h
configure:6944: result: yes
configure:6980: checking for libcurl
configure:6987: $PKG_CONFIG --exists --print-errors "libcurl"
configure:6990: $? = 0
configure:7004: $PKG_CONFIG --exists --print-errors "libcurl"
configure:7007: $? = 0
configure:7065: result: yes
configure:7073: checking curl/curl.h usability
configure:7073: g++ -c  -g -O2 -D__STRICT_ANSI__  -I/usr/local/include -I/opt/local/include conftest.cpp >&5
configure:7073: $? = 0
configure:7073: result: yes
configure:7073: checking curl/curl.h presence
configure:7073: g++ -E  -I/usr/local/include -I/opt/local/include conftest.cpp
configure:7073: $? = 0
configure:7073: result: yes
configure:7073: checking for curl/curl.h
configure:7073: result: yes
configure:7104: checking for taglib
configure:7111: $PKG_CONFIG --exists --print-errors "taglib"
configure:7114: $? = 0
configure:7128: $PKG_CONFIG --exists --print-errors "taglib"
configure:7131: $? = 0
configure:7189: result: yes
configure:7197: checking taglib/taglib.h usability
configure:7197: g++ -c  -g -O2 -D__STRICT_ANSI__  -I/usr/local/include -I/opt/local/include conftest.cpp >&5
configure:7197: $? = 0
configure:7197: result: yes
configure:7197: checking taglib/taglib.h presence
configure:7197: g++ -E  -I/usr/local/include -I/opt/local/include conftest.cpp
configure:7197: $? = 0
configure:7197: result: yes
configure:7197: checking for taglib/taglib.h
configure:7197: result: yes
configure:7374: checking mpd/client.h usability
configure:7374: g++ -c  -g -O2 -D__STRICT_ANSI__  -I/usr/local/include -I/opt/local/include conftest.cpp >&5
configure:7374: $? = 0
configure:7374: result: yes
configure:7374: checking mpd/client.h presence
configure:7374: g++ -E  -I/usr/local/include -I/opt/local/include conftest.cpp
configure:7374: $? = 0
configure:7374: result: yes
configure:7374: checking for mpd/client.h
configure:7374: result: yes
configure:7385: checking for libmpdclient
configure:7392: $PKG_CONFIG --exists --print-errors "libmpdclient"
configure:7395: $? = 0
configure:7409: $PKG_CONFIG --exists --print-errors "libmpdclient"
configure:7412: $? = 0
configure:7470: result: yes
configure:7478: checking whether to enable debugging
configure:7493: result: no
configure:7510: checking whether to enable warnings
configure:7531: result: no
configure:7641: checking that generated files are newer than configure
configure:7647: result: done
configure:7686: creating ./config.status

## ---------------------- ##
## Running config.status. ##
## ---------------------- ##

This file was extended by vimpc config.status 0.09.1, which was
generated by GNU Autoconf 2.69.  Invocation command line was

  CONFIG_FILES    = 
  CONFIG_HEADERS  = 
  CONFIG_LINKS    = 
  CONFIG_COMMANDS = 
  $ ./config.status 

on sopheau

config.status:906: creating Makefile
config.status:906: creating src/config.h
config.status:1135: executing depfiles commands
config.status:1212: cd .       && sed -e '/# am--include-marker/d' Makefile         | make -f - am--depfiles
config.status:1217: $? = 0

## ---------------- ##
## Cache variables. ##
## ---------------- ##

ac_cv_build=x86_64-pc-linux-gnu
ac_cv_c_compiler_gnu=yes
ac_cv_cxx_compiler_gnu=yes
ac_cv_env_CCC_set=
ac_cv_env_CCC_value=
ac_cv_env_CC_set=
ac_cv_env_CC_value=
ac_cv_env_CFLAGS_set=
ac_cv_env_CFLAGS_value=
ac_cv_env_CPPFLAGS_set=
ac_cv_env_CPPFLAGS_value=
ac_cv_env_CXXCPP_set=
ac_cv_env_CXXCPP_value=
ac_cv_env_CXXFLAGS_set=
ac_cv_env_CXXFLAGS_value=
ac_cv_env_CXX_set=
ac_cv_env_CXX_value=
ac_cv_env_LDFLAGS_set=
ac_cv_env_LDFLAGS_value=
ac_cv_env_LIBS_set=
ac_cv_env_LIBS_value=
ac_cv_env_PKG_CONFIG_LIBDIR_set=
ac_cv_env_PKG_CONFIG_LIBDIR_value=
ac_cv_env_PKG_CONFIG_PATH_set=
ac_cv_env_PKG_CONFIG_PATH_value=
ac_cv_env_PKG_CONFIG_set=
ac_cv_env_PKG_CONFIG_value=
ac_cv_env_build_alias_set=
ac_cv_env_build_alias_value=
ac_cv_env_cppunit_CFLAGS_set=
ac_cv_env_cppunit_CFLAGS_value=
ac_cv_env_cppunit_LIBS_set=
ac_cv_env_cppunit_LIBS_value=
ac_cv_env_curl_CFLAGS_set=
ac_cv_env_curl_CFLAGS_value=
ac_cv_env_curl_LIBS_set=
ac_cv_env_curl_LIBS_value=
ac_cv_env_host_alias_set=
ac_cv_env_host_alias_value=
ac_cv_env_mpdclient_CFLAGS_set=
ac_cv_env_mpdclient_CFLAGS_value=
ac_cv_env_mpdclient_LIBS_set=
ac_cv_env_mpdclient_LIBS_value=
ac_cv_env_pcre_CFLAGS_set=
ac_cv_env_pcre_CFLAGS_value=
ac_cv_env_pcre_LIBS_set=
ac_cv_env_pcre_LIBS_value=
ac_cv_env_taglib_CFLAGS_set=
ac_cv_env_taglib_CFLAGS_value=
ac_cv_env_taglib_LIBS_set=
ac_cv_env_taglib_LIBS_value=
ac_cv_env_target_alias_set=
ac_cv_env_target_alias_value=
ac_cv_header_curl_curl_h=yes
ac_cv_header_inttypes_h=yes
ac_cv_header_memory_h=yes
ac_cv_header_mpd_client_h=yes
ac_cv_header_ncursesw_curses_h=yes
ac_cv_header_pcre_h=yes
ac_cv_header_stdc=yes
ac_cv_header_stdint_h=yes
ac_cv_header_stdlib_h=yes
ac_cv_header_string_h=yes
ac_cv_header_strings_h=yes
ac_cv_header_sys_ioctl_h=yes
ac_cv_header_sys_stat_h=yes
ac_cv_header_sys_types_h=yes
ac_cv_header_taglib_taglib_h=yes
ac_cv_header_termios_h=yes
ac_cv_header_unistd_h=yes
ac_cv_host=x86_64-pc-linux-gnu
ac_cv_objext=o
ac_cv_path_EGREP='/usr/bin/grep -E'
ac_cv_path_GREP=/usr/bin/grep
ac_cv_path_ac_pt_PKG_CONFIG=/usr/bin/pkg-config
ac_cv_path_install='/usr/bin/install -c'
ac_cv_path_mkdir=/usr/bin/mkdir
ac_cv_prog_AWK=gawk
ac_cv_prog_CXXCPP='g++ -E'
ac_cv_prog_ac_ct_CC=gcc
ac_cv_prog_ac_ct_CXX=g++
ac_cv_prog_cc_c89=
ac_cv_prog_cc_g=yes
ac_cv_prog_cxx_g=yes
ac_cv_prog_make_make_set=yes
ac_cv_search_keypad='none required'
am_cv_CC_dependencies_compiler_type=gcc3
am_cv_CXX_dependencies_compiler_type=gcc3
am_cv_make_support_nested_variables=yes
am_cv_prog_cc_c_o=yes
ax_cv_PTHREAD_PRIO_INHERIT=yes
ax_cv_cxx_compile_cxx11=yes
mp_cv_curses=yes
mp_cv_ncurses=yes
mp_cv_ncursesw=yes
pkg_cv_curl_CFLAGS=-I/usr/include/x86_64-linux-gnu
pkg_cv_curl_LIBS=-lcurl
pkg_cv_mpdclient_CFLAGS=
pkg_cv_mpdclient_LIBS=-lmpdclient
pkg_cv_pcre_CFLAGS=
pkg_cv_pcre_LIBS=-lpcre
pkg_cv_taglib_CFLAGS=-I/usr/include/taglib
pkg_cv_taglib_LIBS=-ltag

## ----------------- ##
## Output variables. ##
## ----------------- ##

ACLOCAL='${SHELL} /opt/apps/vimpc/missing aclocal-1.16'
AMDEPBACKSLASH='\'
AMDEP_FALSE='#'
AMDEP_TRUE=''
AMTAR='$${TAR-tar}'
AM_BACKSLASH='\'
AM_DEFAULT_V='$(AM_DEFAULT_VERBOSITY)'
AM_DEFAULT_VERBOSITY='1'
AM_V='$(V)'
AUTOCONF='${SHELL} /opt/apps/vimpc/missing autoconf'
AUTOHEADER='${SHELL} /opt/apps/vimpc/missing autoheader'
AUTOMAKE='${SHELL} /opt/apps/vimpc/missing automake-1.16'
AWK='gawk'
BOOST_CHRONO_LIB=''
BOOST_CPPFLAGS=''
BOOST_LDFLAGS=''
BOOST_SYSTEM_LIB=''
BOOST_THREAD_LIB=''
BUILD_PROFILER_FALSE=''
BUILD_PROFILER_TRUE='#'
BUILD_TEST_FALSE=''
BUILD_TEST_TRUE='#'
CC='gcc]'
CCDEPMODE='depmode=gcc3'
CFLAGS=' -g -O2'
CPPFLAGS=' -I/usr/local/include -I/opt/local/include -DHELP_DIRECTORY='\''"${datarootdir}/doc/${PACKAGE_TARNAME}"'\'''
CXX='g++'
CXXCPP='g++ -E'
CXXDEPMODE='depmode=gcc3'
CXXFLAGS=' -g -O2 -D__STRICT_ANSI__'
CYGPATH_W='echo'
DEFS='-DHAVE_CONFIG_H'
DEPDIR='.deps'
ECHO_C=''
ECHO_N='-n'
ECHO_T=''
EGREP='/usr/bin/grep -E'
EXEEXT=''
GREP='/usr/bin/grep'
HAVE_CXX11='1'
INSTALL_DATA='${INSTALL} -m 644'
INSTALL_PROGRAM='${INSTALL}'
INSTALL_SCRIPT='${INSTALL}'
INSTALL_STRIP_PROGRAM='$(install_sh) -c -s'
LDFLAGS=' -L/opt/local/lib'
LIBOBJS=''
LIBS=' -lncursesw'
LTLIBOBJS=''
LYRICS_SUPPORT_FALSE='#'
LYRICS_SUPPORT_TRUE=''
MAKEINFO='${SHELL} /opt/apps/vimpc/missing makeinfo'
MKDIR_P='/usr/bin/mkdir -p'
OBJEXT='o'
PACKAGE='vimpc'
PACKAGE_BUGREPORT='https://github.com/boysetsfrog/vimpc'
PACKAGE_NAME='vimpc'
PACKAGE_STRING='vimpc 0.09.1'
PACKAGE_TARNAME='vimpc'
PACKAGE_URL='https://github.com/boysetsfrog/vimpc'
PACKAGE_VERSION='0.09.1'
PATH_SEPARATOR=':'
PKG_CONFIG='/usr/bin/pkg-config'
PKG_CONFIG_LIBDIR=''
PKG_CONFIG_PATH=''
PTHREAD_CC='gcc'
PTHREAD_CFLAGS=''
PTHREAD_LIBS=''
SET_MAKE=''
SHELL='/bin/bash'
STRIP=''
VERSION='0.09.1'
ac_ct_CC='gcc'
ac_ct_CXX='g++'
am__EXEEXT_FALSE=''
am__EXEEXT_TRUE='#'
am__fastdepCC_FALSE='#'
am__fastdepCC_TRUE=''
am__fastdepCXX_FALSE='#'
am__fastdepCXX_TRUE=''
am__include='include'
am__isrc=''
am__leading_dot='.'
am__nodep='_no'
am__quote=''
am__tar='$${TAR-tar} chof - "$$tardir"'
am__untar='$${TAR-tar} xf -'
ax_pthread_config=''
bindir='${exec_prefix}/bin'
build='x86_64-pc-linux-gnu'
build_alias=''
build_cpu='x86_64'
build_os='linux-gnu'
build_vendor='pc'
cppunit_CFLAGS=''
cppunit_LIBS=''
curl_CFLAGS='-I/usr/include/x86_64-linux-gnu'
curl_LIBS='-lcurl'
datadir='${datarootdir}'
datarootdir='${prefix}/share'
docdir='${datarootdir}/doc/${PACKAGE_TARNAME}'
dvidir='${docdir}'
exec_prefix='${prefix}'
host='x86_64-pc-linux-gnu'
host_alias=''
host_cpu='x86_64'
host_os='linux-gnu'
host_vendor='pc'
htmldir='${docdir}'
includedir='${prefix}/include'
infodir='${datarootdir}/info'
install_sh='${SHELL} /opt/apps/vimpc/install-sh'
libdir='${exec_prefix}/lib'
libexecdir='${exec_prefix}/libexec'
localedir='${datarootdir}/locale'
localstatedir='${prefix}/var'
mandir='${datarootdir}/man'
mkdir_p='$(MKDIR_P)'
mpdclient_CFLAGS=''
mpdclient_LIBS='-lmpdclient'
oldincludedir='/usr/include'
pcre_CFLAGS=''
pcre_LIBS='-lpcre'
pdfdir='${docdir}'
prefix='/usr/local'
program_transform_name='s,x,x,'
psdir='${docdir}'
runstatedir='${localstatedir}/run'
sbindir='${exec_prefix}/sbin'
sharedstatedir='${prefix}/com'
sysconfdir='${prefix}/etc'
taglib_CFLAGS='-I/usr/include/taglib'
taglib_LIBS='-ltag'
target_alias=''

## ----------- ##
## confdefs.h. ##
## ----------- ##

/* confdefs.h */
#define PACKAGE_NAME "vimpc"
#define PACKAGE_TARNAME "vimpc"
#define PACKAGE_VERSION "0.09.1"
#define PACKAGE_STRING "vimpc 0.09.1"
#define PACKAGE_BUGREPORT "https://github.com/boysetsfrog/vimpc"
#define PACKAGE_URL "https://github.com/boysetsfrog/vimpc"
#define PACKAGE "vimpc"
#define VERSION "0.09.1"
#define STDC_HEADERS 1
#define HAVE_SYS_TYPES_H 1
#define HAVE_SYS_STAT_H 1
#define HAVE_STDLIB_H 1
#define HAVE_STRING_H 1
#define HAVE_MEMORY_H 1
#define HAVE_STRINGS_H 1
#define HAVE_INTTYPES_H 1
#define HAVE_STDINT_H 1
#define HAVE_UNISTD_H 1
#define HAVE_SYS_IOCTL_H 1
#define HAVE_TERMIOS_H 1
#define PACKAGE_GIT_REVISION "95ad78d112316a1c290a480481fd1f8abf50b59b"
#define HAVE_PTHREAD_PRIO_INHERIT 1
#define HAVE_PTHREAD 1
#define HAVE_CXX11 1
#define HAVE_NCURSESW_H 1
#define HAVE_NCURSES_H 1
#define HAVE_NCURSESW 1
#define LYRICS_SUPPORT "1"
#define HAVE_CURL_CURL_H 1
#define TAG_SUPPORT "1"
#define HAVE_TAGLIB_H 1

configure: exit 0
